apiVersion: rbac.authorization.k8s.io/v1
kind: ClusterRole
metadata:
  annotations: {}
  labels:
    name: syn-admin
  name: syn-admin
rules:
  - apiGroups:
      - '*'
    resources:
      - '*'
    verbs:
      - '*'
  - nonResourceURLs:
      - '*'
    verbs:
      - '*'
---
apiVersion: v1
kind: ServiceAccount
metadata:
  annotations: {}
  labels:
    name: steward
  name: steward
  namespace: syn
---
apiVersion: rbac.authorization.k8s.io/v1
kind: ClusterRoleBinding
metadata:
  annotations: {}
  labels:
    name: syn-steward
  name: syn-steward
roleRef:
  apiGroup: rbac.authorization.k8s.io
  kind: ClusterRole
  name: syn-admin
subjects:
  - kind: ServiceAccount
    name: steward
    namespace: syn
