apiVersion: v1
data:
  teams: '[]'
kind: ConfigMap
metadata:
  annotations: {}
  labels:
    app.kubernetes.io/managed-by: syn
    app.kubernetes.io/name: steward
  name: additional-root-apps
  namespace: syn
