apiVersion: v1
data:
  token: ''
kind: Secret
metadata:
  annotations: {}
  labels:
    name: steward
  name: steward
  namespace: syn
stringData:
  token: t-silent-test-1234/c-green-test-1234/steward/token
type: Opaque
