apiVersion: v1
data: {}
kind: ConfigMap
metadata:
  annotations: {}
  labels:
    app.kubernetes.io/managed-by: syn
    app.kubernetes.io/name: steward
  name: additional-facts
  namespace: syn
